[3J[H[2J[33m
    ____  _____  _____  __  __  ___   ___    __    _  _ 
   (_  _)(  _  )(  _  )(  \/  )/ __) / __)  /__\  ( \( )
  .-_)(   )(_)(  )(_)(  )    ( \__ \( (__  /(__)\  )  ( 
  \____) (_____)(_____)(_/\/\_)(___/ \___)(__)(__)(_)\_)
    [31m			(1337.today)[0m
   
    --=[[34mOWASP JoomScan[0m
    +---++---==[Version : [31m0.0.8
[0m    +---++---==[Update Date : [[31m2026/09/13[0m]
    +---++---==[Authors : [31mMohammad Reza Espargham , Ali Razmjoo[0m
    --=[Code name : [31m2026 Refresh[0m
    @OWASP_JoomScan , @rezesp , @Ali_Razmjo0 , @OWASP

[34m[34mProcessing http://127.0.0.1:8931 ...


[34m
[+] FireWall Detector
[31m[++] Firewall not detected
[34m[34m
[+] Checking security headers
[31m[++] Missing security headers (Content-Security-Policy (CSP)
Permissions-Policy (browser feature restriction)
Referrer-Policy (referrer leakage control)
Strict-Transport-Security (HSTS)
X-Content-Type-Options (MIME-sniffing protection)
X-Frame-Options (anti-clickjacking)
) - add them in the web server or .htaccess config
[34m[34m
[+] Detecting Joomla Version
[33m[++] Joomla 3.4.8
[34m[34m
[+] Discovery of components by passive DOM leak
[31m[++] No component assets found in the frontend HTML
[34m[34m
[+] Checking Joomla API unauthenticated disclosure (CVE-2023-23752)
[31m[++] Joomla API endpoints are not readable (CVE-2023-23752 not applicable to Joomla 3.4.8)
[34m[34m
[+] Checking Joomla end-of-life status
[31m[++] This Joomla version (3.4.8) reached end of life on 2023-08-17 - it no longer receives security updates and is exposed to unpatched vulnerabilities. Upgrade to a supported series (latest: Joomla 6.x / 5.4.x).
[34m[34m
[+] Core Joomla Vulnerability
[33m[++] Joomla! 3.4.4 < 3.6.4 - Account Creation / Privilege Escalation
CVE : CVE-2016-8870 , CVE-2016-8869 
EDB : https://www.exploit-db.com/exploits/40637/

Joomla! Core Remote Privilege Escalation Vulnerability
CVE : CVE-2016-9838
EDB : https://www.exploit-db.com/exploits/41157/

Joomla! Core Security Bypass Vulnerability
CVE : CVE-2016-9081
https://developer.joomla.org/security-centre/661-20161003-core-account-modifications.html

Joomla! Core Arbitrary File Upload Vulnerability
CVE : CVE-2016-9836
https://developer.joomla.org/security-centre/665-20161202-core-shell-upload.html

Joomla! Information Disclosure Vulnerability
CVE : CVE-2016-9837
https://developer.joomla.org/security-centre/666-20161203-core-information-disclosure.html

Joomla! [20260810] - Core - Unrestricted uploads of SHTML files
CVE : CVE-2026-73373
Type : Unrestricted Upload of File with Dangerous Type
Description : The default list of dangerous files did not include SHTML files. On servers that executed these files, that could lead to code execution.
Fixed in : 5.4.8 / 6.1.3
Reference : https://nvd.nist.gov/vuln/detail/CVE-2026-73373
Advisory : [20260810] https://developer.joomla.org/security-centre.html

Joomla! [20260801] - Core - Response header injection in download views
CVE : CVE-2026-71572
Type : Response header injection
Description : Lack of output processing allowed a header injection in the multiple download views, leading to reflected file download / content-type confusion.
Reference : https://nvd.nist.gov/vuln/detail/CVE-2026-71572
Advisory : [20260801] https://developer.joomla.org/security-centre.html

Joomla! [20260708] - Core - XSS through language overrides
CVE : CVE-2026-48954
Type : XSS
Description : Improper validation leads to a generic XSS vector in the language override feature.
Fixed in : 5.4.7 / 6.1.2
Reference : https://nvd.nist.gov/vuln/detail/CVE-2026-48954
Advisory : [20260708] https://developer.joomla.org/security-centre.html

Joomla! [20260702] - Core - Incorrect Access Control in com_contact vcf download
CVE : CVE-2026-48948
Type : Incorrect Access Control
Description : An improper access check allows user to download vcard exports of com_contact contacts that are inaccessible.
Reference : https://nvd.nist.gov/vuln/detail/CVE-2026-48948
Advisory : [20260702] https://developer.joomla.org/security-centre.html

Joomla! [20260520] - Framework - Inadequate content filtering within the cleanAttributes filter code
CVE : CVE-2026-48905
Type : XSS
Description : Lack of input filtering leads to an XSS vector in the HTML filter code.
Fixed in : 5.4.6 / 6.1.1
Reference : https://nvd.nist.gov/vuln/detail/CVE-2026-48905
Advisory : [20260520] https://developer.joomla.org/security-centre.html

Joomla! [20260519] - Framework - Inadequate content filtering within the checkAttribute filter code
CVE : CVE-2026-48903
Type : XSS
Description : Inadequate content filtering within the checkAttribute methods leads to XSS vulnerabilities in various components.
Fixed in : 5.4.6 / 6.1.1
Reference : https://nvd.nist.gov/vuln/detail/CVE-2026-48903
Advisory : [20260519] https://developer.joomla.org/security-centre.html

Joomla! [20260509] - Core - LFI in HTMLView layout parameter
CVE : CVE-2026-40383
Type : Local File Inclusion
Description : An improper validation of user-supplied input leads to a local file inclusion vulnerability.
Reference : https://nvd.nist.gov/vuln/detail/CVE-2026-40383
Advisory : [20260509] https://developer.joomla.org/security-centre.html

Joomla! [20260503] - Core - XSS in com_contenthistory
CVE : CVE-2026-30894
Type : XSS
Description : Lack of output escaping leads to a XSS vector in the content history component.
Reference : https://nvd.nist.gov/vuln/detail/CVE-2026-30894
Advisory : [20260503] https://developer.joomla.org/security-centre.html

Joomla! [20260501] - Core - XSS in feed modules
CVE : CVE-2026-25900
Type : XSS
Description : Lack of output escaping leads to a XSS vector in the feed modules.
Reference : https://nvd.nist.gov/vuln/detail/CVE-2026-25900
Advisory : [20260501] https://developer.joomla.org/security-centre.html

Joomla! [20260301] - Core - ACL hardening in com_ajax
CVE : CVE-2026-21629
Type : Incorrect Access Control
Description : The ajax component was excluded from the default logged-in-user check in the administrative area. This behavior was potentially unexpected by 3rd party devel
Reference : https://nvd.nist.gov/vuln/detail/CVE-2026-21629
Advisory : [20260301] https://developer.joomla.org/security-centre.html

Joomla! [20250901] - Core - Inadequate content filtering within the checkAttribute filter code
CVE : CVE-2025-54476
Type : XSS
Description : Inadequate content filtering within the checkAttribute methods leads to XSS vulnerabilities in various components.
Reference : https://nvd.nist.gov/vuln/detail/CVE-2025-54476
Advisory : [20250901] https://developer.joomla.org/security-centre.html

Joomla! [20250102] - Core - XSS vector in the id attribute of menu lists
CVE : CVE-2024-40748
Type : XSS
Description : Lack of output escaping in the id attribute of menu lists.
Reference : https://nvd.nist.gov/vuln/detail/CVE-2024-40748
Advisory : [20250102] https://developer.joomla.org/security-centre.html

Joomla! [20240805] - Core - XSS vectors in Outputfilter::strip* methods
CVE : CVE-2024-40743
Type : XSS
Description : The stripImages and stripIframes methods didn't properly process inputs, leading to XSS vectors.
Reference : https://nvd.nist.gov/vuln/detail/CVE-2024-40743
Advisory : [20240805] https://developer.joomla.org/security-centre.html

Joomla! [20240802] - Core - Cache Poisoning in Pagination
CVE : CVE-2024-27185
Type : Cache Poisoning
Description : The pagination class includes arbitrary parameters in links, leading to cache poisoning attack vectors.
Reference : https://nvd.nist.gov/vuln/detail/CVE-2024-27185
Advisory : [20240802] https://developer.joomla.org/security-centre.html

Joomla! [20240801] - Core - Inadequate validation of internal URLs
CVE : CVE-2024-27184
Type : Open redirect
Description : Inadequate validation of URLs could result into an invalid check whether an redirect URL is internal or not.
Reference : https://nvd.nist.gov/vuln/detail/CVE-2024-27184
Advisory : [20240801] https://developer.joomla.org/security-centre.html

Joomla! [20240704] - Core - XSS in Wrapper extensions
CVE : CVE-2024-26279
Type : XSS
Description : The wrapper extensions do not correctly validate inputs, leading to XSS vectors.
Reference : https://nvd.nist.gov/vuln/detail/CVE-2024-26279
Advisory : [20240704] https://developer.joomla.org/security-centre.html

Joomla! [20240703] - Core - XSS in StringHelper::truncate method
CVE : CVE-2024-21731
Type : XSS
Description : Improper handling of input could lead to an XSS vector in the StringHelper::truncate method.
Reference : https://nvd.nist.gov/vuln/detail/CVE-2024-21731
Advisory : [20240703] https://developer.joomla.org/security-centre.html

Joomla! [20240203] - Core - XSS in media selection fields
CVE : CVE-2024-21724
Type : XSS
Description : Inadequate input validation for media selection fields lead to XSS vulnerabilities in various extensions.
Reference : https://nvd.nist.gov/vuln/detail/CVE-2024-21724
Advisory : [20240203] https://developer.joomla.org/security-centre.html

Joomla! [20240202] - Core - Open redirect in installation application
CVE : CVE-2024-21723
Type : Open Redirect
Description : Inadequate parsing of URLs could result into an open redirect.
Reference : https://nvd.nist.gov/vuln/detail/CVE-2024-21723
Advisory : [20240202] https://developer.joomla.org/security-centre.html

Joomla! [20240201] - Core - Insufficient session expiration in MFA management views
CVE : CVE-2024-21722
Type : Insufficient Session Expiration
Description : The MFA management features did not properly terminate existing user sessions when a user's MFA methods have been modified.
Reference : https://nvd.nist.gov/vuln/detail/CVE-2024-21722
Advisory : [20240201] https://developer.joomla.org/security-centre.html

Joomla! [20231101] - Core - Exposure of environment variables
CVE : CVE-2023-40626
Type : Information Disclosure
Description : The language file parsing process could be manipulated to expose environment variables. Environment variables might contain sensible information.
Reference : https://nvd.nist.gov/vuln/detail/CVE-2023-40626
Advisory : [20231101] https://developer.joomla.org/security-centre.html

Joomla! [20220306] - Core - Inadequate validation of internal URLs
CVE : CVE-2022-23798
Type : Open redirect
Description : Inadequate validation of URLs could result into an invalid check whether an redirect URL is internal or not.
Reference : https://nvd.nist.gov/vuln/detail/CVE-2022-23798
Advisory : [20220306] https://developer.joomla.org/security-centre.html

Joomla! [20220305] - Core - Inadequate filtering on the selected Ids
CVE : CVE-2022-23797
Type : SQL Injection
Description : Inadequate filtering on the selected Ids on an request could resulted into an possible SQL injection.
Reference : https://nvd.nist.gov/vuln/detail/CVE-2022-23797
Advisory : [20220305] https://developer.joomla.org/security-centre.html

Joomla! [20220303] - Core - User row are not bound to a authentication mechanism
CVE : CVE-2022-23795
Type : Incorrect Access Control
Description : A user row was not bound to a specific authentication mechanism which could under very special circumstances allow an account takeover.
Reference : https://nvd.nist.gov/vuln/detail/CVE-2022-23795
Advisory : [20220303] https://developer.joomla.org/security-centre.html

Joomla! [20220302] - Core - Path Disclosure within filesystem error messages
CVE : CVE-2022-23794
Type : Path Disclosure
Description : Uploading a file name of an excess length causes the error. This error brings up the screen with the path of the source code of the web application.
Reference : https://nvd.nist.gov/vuln/detail/CVE-2022-23794
Advisory : [20220302] https://developer.joomla.org/security-centre.html

Joomla! [20220301] - Core - Zip Slip within the Tar extractor
CVE : CVE-2022-23793
Type : Path Traversal
Description : Extracting an specifilcy crafted tar package could write files outside of the intended path.
Reference : https://nvd.nist.gov/vuln/detail/CVE-2022-23793
Advisory : [20220301] https://developer.joomla.org/security-centre.html

Joomla! [20210705] - Core - XSS in com_media imagelist
CVE : CVE-2021-26039
Type : XSS
Description : Inadequate escaping in the imagelist view of com_media leads to a XSS vulnerability.
Reference : https://nvd.nist.gov/vuln/detail/CVE-2021-26039
Advisory : [20210705] https://developer.joomla.org/security-centre.html

Joomla! [20210704] - Core - Privilege escalation through com_installer
CVE : CVE-2021-26038
Type : Incorrect Access Control
Description : Install action in com_installer lack the required hardcoded ACL checks for superusers, leading to various potential attack vectors. A default system is not a
Reference : https://nvd.nist.gov/vuln/detail/CVE-2021-26038
Advisory : [20210704] https://developer.joomla.org/security-centre.html

Joomla! [20210703] - Core - Lack of enforced session termination
CVE : CVE-2021-26037
Type : Incorrect Session Handling
Description : Various CMS functions did not properly termine existing user sessions when a user's password was changed or the user was blocked.
Reference : https://nvd.nist.gov/vuln/detail/CVE-2021-26037
Advisory : [20210703] https://developer.joomla.org/security-centre.html

Joomla! [20210702] - Core - DoS through usergroup table manipulation
CVE : CVE-2021-26036
Type : DoS
Description : Missing validation of input could lead to a broken usergroups table.
Reference : https://nvd.nist.gov/vuln/detail/CVE-2021-26036
Advisory : [20210702] https://developer.joomla.org/security-centre.html

Joomla! [20210701] - Core - XSS in JForm Rules field
CVE : CVE-2021-26035
Type : XSS
Description : Inadequate escaping in the Rules field of the JForm API leads to a XSS vulnerability.
Reference : https://nvd.nist.gov/vuln/detail/CVE-2021-26035
Advisory : [20210701] https://developer.joomla.org/security-centre.html

Joomla! [20210503] - Core - CSRF in data download endpoints
CVE : CVE-2021-26034
Type : CSRF
Description : A missing token check causes a CSRF vulnerability in data download endpoints in com_banners and com_sysinfo.
Reference : https://nvd.nist.gov/vuln/detail/CVE-2021-26034
Advisory : [20210503] https://developer.joomla.org/security-centre.html

Joomla! [20210502] - Core - CSRF in AJAX reordering endpoint
CVE : CVE-2021-26033
Type : CSRF
Description : A missing token check causes a CSRF vulnerability in the AJAX reordering endpoint.
Reference : https://nvd.nist.gov/vuln/detail/CVE-2021-26033
Advisory : [20210502] https://developer.joomla.org/security-centre.html

Joomla! [20210501] - Core - Adding HTML to the executable block list of MediaHelper::canUpload
CVE : CVE-2021-26032
Type : XSS
Description : HTML was missing in the executable block list of MediaHelper::canUpload, leading to XSS attack vectors.
Reference : https://nvd.nist.gov/vuln/detail/CVE-2021-26032
Advisory : [20210501] https://developer.joomla.org/security-centre.html

Joomla! [20210402] - Core - Inadequate filters on module layout settings
CVE : CVE-2021-26031
Type : LFI
Description : Inadequate filters on module layout settings could lead to an LFI.
Reference : https://nvd.nist.gov/vuln/detail/CVE-2021-26031
Advisory : [20210402] https://developer.joomla.org/security-centre.html

Joomla! [20210401] - Core - Escape xss in logo parameter error pages
CVE : CVE-2021-26030
Type : XSS
Description : Inadequate escaping allowed XSS attacks using the logo parameter of the default templates on error pages.
Reference : https://nvd.nist.gov/vuln/detail/CVE-2021-26030
Advisory : [20210401] https://developer.joomla.org/security-centre.html

Joomla! [20210309] - Core - Inadequate filtering of form contents could allow to overwrite the author field
CVE : CVE-2021-26029
Type : ACL Violation
Description : Inadequate filtering of form contents could allow to overwrite the author field. The affected core components are com_fields, com_categories, com_banners, co
Reference : https://nvd.nist.gov/vuln/detail/CVE-2021-26029
Advisory : [20210309] https://developer.joomla.org/security-centre.html

Joomla! [20210308] - Core - Path Traversal within joomla/archive zip class
CVE : CVE-2021-26028
Type : Path Traversal
Description : Extracting an specifilcy crafted zip package could write files outside of the intended path.
Reference : https://nvd.nist.gov/vuln/detail/CVE-2021-26028
Advisory : [20210308] https://developer.joomla.org/security-centre.html

Joomla! [20210307] - Core - ACL violation within com_content frontend editing
CVE : CVE-2021-26027
Type : ACL violation
Description : Incorrect ACL checks could allow unauthorized change of the category for an article.
Reference : https://nvd.nist.gov/vuln/detail/CVE-2021-26027
Advisory : [20210307] https://developer.joomla.org/security-centre.html

Joomla! [20210306] - Core - com_media allowed paths that are not intended for image uploads
CVE : CVE-2021-23132
Type : Improper Input Validation
Description : com_media allowed paths that are not intended for image uploads.
Reference : https://nvd.nist.gov/vuln/detail/CVE-2021-23132
Advisory : [20210306] https://developer.joomla.org/security-centre.html

Joomla! [20210305] - Core - Input validation within the template manager
CVE : CVE-2021-23131
Type : Improper Input Validation
Description : Missing input validation within the template manager.
Reference : https://nvd.nist.gov/vuln/detail/CVE-2021-23131
Advisory : [20210305] https://developer.joomla.org/security-centre.html

Joomla! [20210304] - Core - XSS within the feed parser library
CVE : CVE-2021-23130
Type : XSS
Description : Missing filtering of feed fields could lead to xss issues.
Reference : https://nvd.nist.gov/vuln/detail/CVE-2021-23130
Advisory : [20210304] https://developer.joomla.org/security-centre.html

Joomla! [20210303] - Core - XSS within alert messages showed to users
CVE : CVE-2021-23129
Type : XSS
Description : Missing filtering of messages showed to users that could lead to xss issues.
Reference : https://nvd.nist.gov/vuln/detail/CVE-2021-23129
Advisory : [20210303] https://developer.joomla.org/security-centre.html

Joomla! [20210302] - Core - Potential Insecure FOFEncryptRandval
CVE : CVE-2021-23128
Type : Insecure Randomness
Description : The core shipped but unused randval implementation within FOF (FOFEncryptRandval) used an potential insecure implemetation. That has now been replaced with a
Reference : https://nvd.nist.gov/vuln/detail/CVE-2021-23128
Advisory : [20210302] https://developer.joomla.org/security-centre.html

Joomla! [20210301] - Core - Insecure randomness within 2FA secret generation
CVE : CVE-2021-23126
Type : Insecure Randomness
Description : Usage of the insecure rand() function within the process of generating the 2FA secret.Usage of an insufficient length for the 2FA secret accoring to RFC 4226
Reference : https://nvd.nist.gov/vuln/detail/CVE-2021-23126
Advisory : [20210301] https://developer.joomla.org/security-centre.html

Joomla! [20210103] - Core - XSS in com_tags image parameters
CVE : CVE-2021-23125
Type : XSS
Description : Lack of escaping of image-related parameters in multiple com_tags views cause lead to XSS attack vectors.
Reference : https://nvd.nist.gov/vuln/detail/CVE-2021-23125
Advisory : [20210103] https://developer.joomla.org/security-centre.html

Joomla! [20210101] - Core - com_modules exposes module names
CVE : CVE-2021-23123
Type : Incorrect Access Control
Description : Lack of ACL checks in the orderPosition endpoint of com_modules leak names of unpublished and/or inaccessible modules.
Reference : https://nvd.nist.gov/vuln/detail/CVE-2021-23123
Advisory : [20210101] https://developer.joomla.org/security-centre.html

Joomla! [20201107] - Core - Write ACL violation in multiple core views
CVE : CVE-2020-35616
Type : ACL Violation
Description : Lack of input validation while handling ACL rulesets can cause write ACL violations.
Reference : https://nvd.nist.gov/vuln/detail/CVE-2020-35616
Advisory : [20201107] https://developer.joomla.org/security-centre.html

Joomla! [20201104] - Core - SQL injection in com_users list view
CVE : CVE-2020-35613
Type : SQL Injection
Description : Improper filter blacklist configuration leads to a SQL injection vulnerability in the backend user list.
Reference : https://nvd.nist.gov/vuln/detail/CVE-2020-35613
Advisory : [20201104] https://developer.joomla.org/security-centre.html

Joomla! [20201103] - Core - Path traversal in mod_random_image
CVE : CVE-2020-35612
Type : Path traversal
Description : The folder parameter of mod_random_image lacked input validation, leading to a path traversal vulnerability.
Reference : https://nvd.nist.gov/vuln/detail/CVE-2020-35612
Advisory : [20201103] https://developer.joomla.org/security-centre.html

Joomla! [20201102] - Core - Disclosure of secrets in Global Configuration page
CVE : CVE-2020-35611
Type : Information Disclosure
Description : The globlal configuration page does not remove secrets from the HTML output, disclosing the current values.
Reference : https://nvd.nist.gov/vuln/detail/CVE-2020-35611
Advisory : [20201102] https://developer.joomla.org/security-centre.html

Joomla! [20201101] - Core - com_finder ignores access levels on autosuggest
CVE : CVE-2020-35610
Type : Information Disclosure
Description : The autosuggestion feature of com_finder did not respect the access level of the corresponding terms.
Reference : https://nvd.nist.gov/vuln/detail/CVE-2020-35610
Advisory : [20201101] https://developer.joomla.org/security-centre.html

Joomla! [20200803] - Core - Directory traversal in com_media
CVE : CVE-2020-24597
Type : Directory Traversal
Description : Lack of input validation allows com_media root paths outside of the webroot.
Reference : https://nvd.nist.gov/vuln/detail/CVE-2020-24597
Advisory : [20200803] https://developer.joomla.org/security-centre.html

Joomla! [20200802] - Core - Open redirect in com_content vote feature
CVE : CVE-2020-24598
Type : Open Redirect
Description : Lack of input validation in com_content leads to an open redirect.
Reference : https://nvd.nist.gov/vuln/detail/CVE-2020-24598
Advisory : [20200802] https://developer.joomla.org/security-centre.html

Joomla! [20200706] - Core - System Information screen could expose redis or proxy credentials
CVE : CVE-2020-15698
Type : Information Disclosure
Description : Inadequate filtering in the system information screen could expose redis or proxy credentials.
Reference : https://nvd.nist.gov/vuln/detail/CVE-2020-15698
Advisory : [20200706] https://developer.joomla.org/security-centre.html

Joomla! [20200705] - Core - Escape mod_random_image link
CVE : CVE-2020-15696
Type : XSS
Description : Lack of input filtering and escaping allows XSS attacks in mod_random_image.
Reference : https://nvd.nist.gov/vuln/detail/CVE-2020-15696
Advisory : [20200705] https://developer.joomla.org/security-centre.html

Joomla! [20200704] - Core - Variable tampering via user table class
CVE : CVE-2020-15697
Type : Incorrect Access Control
Description : Internal read-only fields in the User table class could be modified by users.
Reference : https://nvd.nist.gov/vuln/detail/CVE-2020-15697
Advisory : [20200704] https://developer.joomla.org/security-centre.html

Joomla! [20200702] - Core - Missing checks can lead to a broken usergroups table record
CVE : CVE-2020-15699
Type : Incorrect Access Control
Description : Missing validation checks at the usergroups table object can result into an broken site configuration.
Reference : https://nvd.nist.gov/vuln/detail/CVE-2020-15699
Advisory : [20200702] https://developer.joomla.org/security-centre.html

Joomla! [20200604] - Core - XSS in jQuery.htmlPrefilter
CVE : CVE-2020-11022
Type : XSS
Description : The jQuery project released version 3.5.0, and as part of that, disclosed two security vulnerabilities that affect all prior versions. As mentioned in the jQ
Reference : https://nvd.nist.gov/vuln/detail/CVE-2020-11022
Advisory : [20200604] https://developer.joomla.org/security-centre.html

Joomla! [20200603] - Core - XSS in com_modules tag options
CVE : CVE-2020-13762
Type : XSS
Description : Incorrect input validation of the module tag option in com_modules allow XSS attacks.
Reference : https://nvd.nist.gov/vuln/detail/CVE-2020-13762
Advisory : [20200603] https://developer.joomla.org/security-centre.html

Joomla! [20200602] - Core - Inconsistent default textfilter settings
CVE : CVE-2020-13763
Type : Insecure Permissions
Description : The default settings of the global "textfilter" configuration doesn't block HTML inputs for 'Guest' users. With 3.9.19, the textfilter for new installations 
Reference : https://nvd.nist.gov/vuln/detail/CVE-2020-13763
Advisory : [20200602] https://developer.joomla.org/security-centre.html

Joomla! [20200601] - Core - XSS in modules heading tag option
CVE : CVE-2020-13761
Type : XSS
Description : Lack of input validation in the heading tag option of the "Articles – Newsflash" and "Articles - Categories" modules allow XSS attacks.
Reference : https://nvd.nist.gov/vuln/detail/CVE-2020-13761
Advisory : [20200601] https://developer.joomla.org/security-centre.html

Joomla! [20200403] - Core -  Incorrect access control in com_users access level deletion function
CVE : CVE-2020-11889
Type : Incorrect Access Control
Description : Incorrect ACL checks in the access level section of com_users allow the unauthorized deletion of usergroups.
Reference : https://nvd.nist.gov/vuln/detail/CVE-2020-11889
Advisory : [20200403] https://developer.joomla.org/security-centre.html

Joomla! [20200402] - Core - Missing checks for the root usergroup in usergroup table
CVE : CVE-2020-11890
Type : Incorrect Access Control
Description : Inproper input validations in the usergroup table class could lead to a broken ACL configuration.
Reference : https://nvd.nist.gov/vuln/detail/CVE-2020-11890
Advisory : [20200402] https://developer.joomla.org/security-centre.html

Joomla! [20200401] - Core - Incorrect access control in com_users access level editing function
CVE : CVE-2020-11891
Type : Incorrect Access Control
Description : Incorrect ACL checks in the access level section of com_users allow the unauthorized editing of usergroups.
Reference : https://nvd.nist.gov/vuln/detail/CVE-2020-11891
Advisory : [20200401] https://developer.joomla.org/security-centre.html

Joomla! [20200306] - Core - SQL injection in Featured Articles menu parameters
CVE : CVE-2020-10243
Type : SQL Injection
Description : The lack of type casting of a variable in SQL statement leads to a SQL injection vulnerability in the "Featured Articles" frontend menutype.
Reference : https://nvd.nist.gov/vuln/detail/CVE-2020-10243
Advisory : [20200306] https://developer.joomla.org/security-centre.html

Joomla! [20200304] - Core - Identifier collisions in com_users
CVE : CVE-2020-10240
Type : Other
Description : Missing length checks in the user table can lead to the creation of users with duplicate usernames and/or email addresses.
Reference : https://nvd.nist.gov/vuln/detail/CVE-2020-10240
Advisory : [20200304] https://developer.joomla.org/security-centre.html

Joomla! [20200303] - Core - Incorrect Access Control in com_templates
CVE : CVE-2020-10238
Type : Incorrect Access Control
Description : Various actions in com_templates lack the required ACL checks, leading to various potential attack vectors.
Reference : https://nvd.nist.gov/vuln/detail/CVE-2020-10238
Advisory : [20200303] https://developer.joomla.org/security-centre.html

Joomla! [20200302] - Core - XSS in Protostar and Beez3
CVE : CVE-2020-10242
Type : XSS
Description : Inadequate handling of CSS selectors in the Protostar and Beez3 JavaScript allow XSS attacks.
Reference : https://nvd.nist.gov/vuln/detail/CVE-2020-10242
Advisory : [20200302] https://developer.joomla.org/security-centre.html

Joomla! [20200301] - Core - CSRF in com_templates image actions
CVE : CVE-2020-10241
Type : CSRF
Description : Missing token checks in the image actions of com_templates causes CSRF vulnerabilities.
Reference : https://nvd.nist.gov/vuln/detail/CVE-2020-10241
Advisory : [20200301] https://developer.joomla.org/security-centre.html

Joomla! [20200102] - Core - CSRF com_templates LESS compiler
CVE : CVE-2020-8420
Type : CSRF
Description : A missing CSRF token check in the LESS compiler of com_templates causes a CSRF vulnerability.
Reference : https://nvd.nist.gov/vuln/detail/CVE-2020-8420
Advisory : [20200102] https://developer.joomla.org/security-centre.html

Joomla! [20200101] - Core - CSRF in batch actions
CVE : CVE-2020-8419
Type : CSRF
Description : Missing token checks in the batch actions of various components causes CSRF vulnerabilities.
Reference : https://nvd.nist.gov/vuln/detail/CVE-2020-8419
Advisory : [20200101] https://developer.joomla.org/security-centre.html

Joomla! [20191202] - Core - Various SQL injections through configuration parameters
CVE : CVE-2019-19846
Type : SQL injection
Description : The lack of validation of configuration parameters used in SQL queries caused various SQL injection vectors.
Reference : https://nvd.nist.gov/vuln/detail/CVE-2019-19846
Advisory : [20191202] https://developer.joomla.org/security-centre.html

Joomla! [20191001] - Core - CSRF in com_template overrides view
CVE : CVE-2019-18650
Type : CSRF
Description : A missing token check in com_template causes a CSRF vulnerability.
Reference : https://nvd.nist.gov/vuln/detail/CVE-2019-18650
Advisory : [20191001] https://developer.joomla.org/security-centre.html

Joomla! [20190901] - Core - XSS in logo parameter of default templates
CVE : CVE-2019-16725
Type : XSS
Description : Inadequate escaping allowed XSS attacks using the logo parameter of the default templates.
Reference : https://nvd.nist.gov/vuln/detail/CVE-2019-16725
Advisory : [20190901] https://developer.joomla.org/security-centre.html

Joomla! [20190801] - Core - Hardening com_contact contact form
CVE : CVE-2019-15028
Type : Incorrect Access Control
Description : Inadequate checks in com_contact could allowed mail submission in disabled forms.
Reference : https://nvd.nist.gov/vuln/detail/CVE-2019-15028
Advisory : [20190801] https://developer.joomla.org/security-centre.html

Joomla! [20190501] - Core - XSS in com_users ACL debug views
CVE : CVE-2019-11809
Type : XSS
Description : The debug views of com_users do not properly escape user supplied data, which leads to a potential XSS attack vector.
Reference : https://nvd.nist.gov/vuln/detail/CVE-2019-11809
Advisory : [20190501] https://developer.joomla.org/security-centre.html

Joomla! [20190403] - Core - Object.prototype pollution in JQuery $.extend
CVE : CVE-2019-11358
Type : Security Fix
Description : The $.extend method of JQuery is vulnerable to Object.prototype pollution attacks.
Reference : https://nvd.nist.gov/vuln/detail/CVE-2019-11358
Advisory : [20190403] https://developer.joomla.org/security-centre.html

Joomla! [20190402] - Core - Helpsites refresh endpoint callable for unauthenticated users
CVE : CVE-2019-10946
Type : Security Fix
Description : The "refresh list of helpsites" endpoint of com_users lacks access checks, allowing calls from unauthenticated users.
Reference : https://nvd.nist.gov/vuln/detail/CVE-2019-10946
Advisory : [20190402] https://developer.joomla.org/security-centre.html

Joomla! [20190401] - Core - Directory Traversal in com_media
CVE : CVE-2019-10945
Type : Security Fix
Description : The Media Manager component does not properly sanitise the folder parameter, allowing attackers to act outside the media manager root directory.
Reference : https://nvd.nist.gov/vuln/detail/CVE-2019-10945
Advisory : [20190401] https://developer.joomla.org/security-centre.html

Joomla! [20190303] - Core - XSS in media form field
CVE : CVE-2019-9714
Type : XSS
Description : The media form field lacks escaping, leading to a XSS vulnerability.
Reference : https://nvd.nist.gov/vuln/detail/CVE-2019-9714
Advisory : [20190303] https://developer.joomla.org/security-centre.html

Joomla! [20190302] - Core - XSS in item_title layout
CVE : CVE-2019-9711
Type : XSS
Description : The item_title layout in edit views lacks escaping, leading to a XSS vulnerability.
Reference : https://nvd.nist.gov/vuln/detail/CVE-2019-9711
Advisory : [20190302] https://developer.joomla.org/security-centre.html

Joomla! [20190301] - Core - XSS in com_config JSON handler
CVE : CVE-2019-9712
Type : XSS
Description : The JSON handler in com_config lacks input validation, leading to XSS vulnerability.
Reference : https://nvd.nist.gov/vuln/detail/CVE-2019-9712
Advisory : [20190301] https://developer.joomla.org/security-centre.html

Joomla! [20190206] - Core - Implement the TYPO3 PHAR stream wrapper
CVE : CVE-2019-7743
Type : Object Injection
Description : The phar:/ stream wrapper can be used for objection injection attacks. We now disallow usage of the phar:/ handler for non .phar-files within the CMS globa
Reference : https://nvd.nist.gov/vuln/detail/CVE-2019-7743
Advisory : [20190206] https://developer.joomla.org/security-centre.html

Joomla! [20190205] - Core - XSS Issue in core.js writeDynaList
CVE : CVE-2019-7740
Type : XSS
Description : Inadequate parameter handling in JS code could lead to an XSS attack vector.
Reference : https://nvd.nist.gov/vuln/detail/CVE-2019-7740
Advisory : [20190205] https://developer.joomla.org/security-centre.html

Joomla! [20190204] - Core - Stored XSS issue in the Global Configuration help url #2
CVE : CVE-2019-7741
Type : XSS
Description : Inadequate checks at the Global Configuration helpurl settings allowed a stored XSS.
Reference : https://nvd.nist.gov/vuln/detail/CVE-2019-7741
Advisory : [20190204] https://developer.joomla.org/security-centre.html

Joomla! [20190203] - Core - Additional warning in the Global Configuration textfilter settings
CVE : CVE-2019-7739
Type : XSS
Description : "No Filtering" textfilter overrides child settings in the Global Configuration. This is intended behavior but might be unexpected for the user. An additional
Reference : https://nvd.nist.gov/vuln/detail/CVE-2019-7739
Advisory : [20190203] https://developer.joomla.org/security-centre.html

Joomla! [20190202] - Core - Browserside mime-type sniffing causes XSS attack vectors
CVE : CVE-2019-7742
Type : XSS
Description : A combination of specific webserver configurations, in connection with specific file types and browserside mime-type sniffing causes a XSS attack vector.
Reference : https://nvd.nist.gov/vuln/detail/CVE-2019-7742
Advisory : [20190202] https://developer.joomla.org/security-centre.html

Joomla! [20190201] - Core - Lack of URL filtering in various core components
CVE : CVE-2019-7744
Type : XSS
Description : Inadequate filtering on URL fields in various core components could lead to an XSS vulnerability.
Reference : https://nvd.nist.gov/vuln/detail/CVE-2019-7744
Advisory : [20190201] https://developer.joomla.org/security-centre.html

Joomla! [20190104] - Core - Stored XSS issue in the Global Configuration help url
CVE : CVE-2019-6262
Type : XSS
Description : Inadequate checks at the Global Configuration helpurl settings allowed a stored XSS.
Reference : https://nvd.nist.gov/vuln/detail/CVE-2019-6262
Advisory : [20190104] https://developer.joomla.org/security-centre.html

Joomla! [20190103] - Core - Stored XSS issue in the Global Configuration textfilter settings
CVE : CVE-2019-6263
Type : XSS
Description : Inadequate checks at the Global Configuration Text Filter settings allowed a stored XSS.
Reference : https://nvd.nist.gov/vuln/detail/CVE-2019-6263
Advisory : [20190103] https://developer.joomla.org/security-centre.html

Joomla! [20190102] - Core - Stored XSS in com_contact
CVE : CVE-2019-6261
Type : XSS
Description : Inadequate escaping in com_contact leads to a stored XSS vulnerability.
Reference : https://nvd.nist.gov/vuln/detail/CVE-2019-6261
Advisory : [20190102] https://developer.joomla.org/security-centre.html

Joomla! [20190101] - Core - Stored XSS in mod_banners
CVE : CVE-2019-6264
Type : XSS
Description : Inadequate escaping in mod_banners leads to a stored XSS vulnerability.
Reference : https://nvd.nist.gov/vuln/detail/CVE-2019-6264
Advisory : [20190101] https://developer.joomla.org/security-centre.html

Joomla! [20181005] - Core - CSRF hardening in com_installer
CVE : CVE-2018-17858
Type : CSRF
Description : Added additional CSRF hardening in com_installer actions in the backend.
Reference : https://nvd.nist.gov/vuln/detail/CVE-2018-17858
Advisory : [20181005] https://developer.joomla.org/security-centre.html

Joomla! [20181004] - Core - ACL Violation in com_users for the admin verification
CVE : CVE-2018-17855
Type : ACL Violation
Description : In case that an attacker gets access to the mail account of an user who can approve admin verifications in the registration process he can activate himself.
Reference : https://nvd.nist.gov/vuln/detail/CVE-2018-17855
Advisory : [20181004] https://developer.joomla.org/security-centre.html

Joomla! [20181003] - Core - Access level Violation in com_tags
CVE : CVE-2018-17857
Type : ACL Violation
Description : Inadequate checks on the tags search fields can lead to an access level violation.
Reference : https://nvd.nist.gov/vuln/detail/CVE-2018-17857
Advisory : [20181003] https://developer.joomla.org/security-centre.html

Joomla! [20181002] - Core - Inadequate default access level for com_joomlaupdate
CVE : CVE-2018-17856
Type : Object Injection
Description : Joomla’s com_joomlaupdate allows the execution of arbitrary code. The default ACL config enabled access of Administrator-level users to access com_joomlaupda
Reference : https://nvd.nist.gov/vuln/detail/CVE-2018-17856
Advisory : [20181002] https://developer.joomla.org/security-centre.html

Joomla! [20181001] - Core - Hardening com_contact contact form
CVE : CVE-2018-17859
Type : Incorrect Access Control
Description : Inadequate checks in com_contact could allowed mail submission in disabled forms.
Reference : https://nvd.nist.gov/vuln/detail/CVE-2018-17859
Advisory : [20181001] https://developer.joomla.org/security-centre.html

Joomla! [20180802] - Core - Stored XSS vulnerability in the frontend profile
CVE : CVE-2018-15880
Type : XSS
Description : Inadequate output filtering on the user profile page could lead to a stored XSS attack.
Reference : https://nvd.nist.gov/vuln/detail/CVE-2018-15880
Advisory : [20180802] https://developer.joomla.org/security-centre.html

Joomla! [20180801] - Core - Hardening the InputFilter for PHAR stubs
CVE : CVE-2018-15882
Type : Malicious file upload
Description : Inadequate checks in the InputFilter class could allow specifically prepared PHAR files to pass the upload filter.
Reference : https://nvd.nist.gov/vuln/detail/CVE-2018-15882
Advisory : [20180801] https://developer.joomla.org/security-centre.html

Joomla! [20180602] - Core - XSS vulnerability in language switcher module
CVE : CVE-2018-12711
Type : XSS
Description : In some cases the link of the current language might contain unescaped HTML special characters. This may lead to reflective XSS via injection of arbitrary pa
Reference : https://nvd.nist.gov/vuln/detail/CVE-2018-12711
Advisory : [20180602] https://developer.joomla.org/security-centre.html

Joomla! [20180601] - Core - Local File Inclusion with PHP 5.3
CVE : CVE-2018-12712
Type : LFI
Description : Our autoload code checks classnames to be valid, using the "class_exists" function in PHP. In PHP 5.3 this function validates invalid names as valid, which c
Reference : https://nvd.nist.gov/vuln/detail/CVE-2018-12712
Advisory : [20180601] https://developer.joomla.org/security-centre.html

Joomla! [20180509] - Core - XSS vulnerability in the media manager
CVE : CVE-2018-6378
Type : XSS
Description : Inadequate filtering of file and folder names lead to various XSS attack vectors in the media manager.
Reference : https://nvd.nist.gov/vuln/detail/CVE-2018-6378
Advisory : [20180509] https://developer.joomla.org/security-centre.html

Joomla! [20180508] - Core - Possible XSS attack in the redirect method
CVE : CVE-2018-11328
Type : XSS
Description : Under specific circumstances (a redirect issued with a URI containing a username and password when the Location: header cannot be used), a lack of escaping t
Reference : https://nvd.nist.gov/vuln/detail/CVE-2018-11328
Advisory : [20180508] https://developer.joomla.org/security-centre.html

Joomla! [20180507] - Core - Session deletion race condition
CVE : CVE-2018-11324
Type : Session race condition
Description : A long running background process, such as remote checks for core or extension updates, could create a race condition where a session which was expected to b
Reference : https://nvd.nist.gov/vuln/detail/CVE-2018-11324
Advisory : [20180507] https://developer.joomla.org/security-centre.html

Joomla! [20180505] - Core - XSS Vulnerabilities & additional hardening
CVE : CVE-2018-11326
Type : XSS
Description : Inadequate input filtering leads to multiple XSS vulnerabilities. Additionally, the default filtering settings could potentially allow users of the default A
Reference : https://nvd.nist.gov/vuln/detail/CVE-2018-11326
Advisory : [20180505] https://developer.joomla.org/security-centre.html

Joomla! [20180504] - Core - Installer leaks plain text password to local user
CVE : CVE-2018-11325
Type : Information Disclosure
Description : The web install application would autofill password fields after either a form validation error or navigating to a previous install step, and displays the pl
Reference : https://nvd.nist.gov/vuln/detail/CVE-2018-11325
Advisory : [20180504] https://developer.joomla.org/security-centre.html

Joomla! [20180503] - Core - Information Disclosure about unpublished tags
CVE : CVE-2018-11327
Type : Information Disclosure
Description : Inadequate checks allowed users to see the names of tags that were either unpublished or published with restricted view permission.
Reference : https://nvd.nist.gov/vuln/detail/CVE-2018-11327
Advisory : [20180503] https://developer.joomla.org/security-centre.html

Joomla! [20180502] - Core - Add PHAR files to the upload blacklist
CVE : CVE-2018-11322
Type : Malicious file upload
Description : Depending on the server configuration, PHAR files might be handled as executable PHP scripts by the webserver.
Reference : https://nvd.nist.gov/vuln/detail/CVE-2018-11322
Advisory : [20180502] https://developer.joomla.org/security-centre.html

Joomla! [20180501] - Core - ACL violation in access levels
CVE : CVE-2018-11323
Type : ACL violation
Description : Inadequate checks allowed users to modify the access levels of user groups with higher permissions.
Reference : https://nvd.nist.gov/vuln/detail/CVE-2018-11323
Advisory : [20180501] https://developer.joomla.org/security-centre.html

Joomla! [20180103] - Core - XSS vulnerability in Uri class
CVE : CVE-2018-6379
Type : XSS
Description : Inadequate input filtering in the Uri class (formerly JUri) leads to a XSS vulnerability.
Reference : https://nvd.nist.gov/vuln/detail/CVE-2018-6379
Advisory : [20180103] https://developer.joomla.org/security-centre.html

Joomla! [20180101] - Core - XSS vulnerability in module chromes
CVE : CVE-2018-6380
Type : XSS
Description : Lack of escaping in the module chromes leads to XSS vulnerabilities in the module system.
Reference : https://nvd.nist.gov/vuln/detail/CVE-2018-6380
Advisory : [20180101] https://developer.joomla.org/security-centre.html

Joomla! [20171102] - Core - 2-factor-authentication bypass
CVE : CVE-2017-16634
Type : Security Fix
Description : A bug allowed third parties to bypass a user's 2-factor-authentication method.
Reference : https://nvd.nist.gov/vuln/detail/CVE-2017-16634
Advisory : [20171102] https://developer.joomla.org/security-centre.html

Joomla! [20171101] - Core - LDAP Information Disclosure
CVE : CVE-2017-14596
Type : Information Disclosure
Description : Inadequate escaping in the LDAP authentication plugin can result in disclosure of username and password.
Reference : https://nvd.nist.gov/vuln/detail/CVE-2017-14596
Advisory : [20171101] https://developer.joomla.org/security-centre.html

Joomla! [20170705] - Core - XSS Vulnerability
CVE : CVE-2017-11612
Type : XSS
Description : Inadequate filtering of potentially malicious HTML tags leads to XSS vulnerabilities in various components.
Reference : https://nvd.nist.gov/vuln/detail/CVE-2017-11612
Advisory : [20170705] https://developer.joomla.org/security-centre.html

Joomla! [20170704] - Core - Installer: Lack of Ownership Verification
CVE : CVE-2017-11364
Type : Lack of Ownership Verification
Description : The CMS installer application lacked a process to verify the users ownership of a webspace, potentially allowing users to gain control.
Reference : https://nvd.nist.gov/vuln/detail/CVE-2017-11364
Advisory : [20170704] https://developer.joomla.org/security-centre.html

Joomla! [20170703] - Core - XSS Vulnerability
CVE : CVE-2017-7985
Type : XSS
Description : Inadequate filtering of multibyte characters leads to XSS vulnerabilities in various components.
Reference : https://nvd.nist.gov/vuln/detail/CVE-2017-7985
Advisory : [20170703] https://developer.joomla.org/security-centre.html

Joomla! [20170702] - Core - XSS Vulnerability
CVE : CVE-2017-9934
Type : XSS
Description : Missing CSRF token checks and improper input validation lead to an XSS vulnerability.
Reference : https://nvd.nist.gov/vuln/detail/CVE-2017-9934
Advisory : [20170702] https://developer.joomla.org/security-centre.html

Joomla! [20170701] - Core - Information Disclosure
CVE : CVE-2017-9933
Type : Information Disclosure
Description : Improper cache invalidation leads to disclosure of form contents.
Reference : https://nvd.nist.gov/vuln/detail/CVE-2017-9933
Advisory : [20170701] https://developer.joomla.org/security-centre.html

Joomla! [20170408] - Core - Information Disclosure
CVE : CVE-2017-8057
Type : Information Disclosure
Description : Multiple files caused full path disclosures on systems with enabled error reporting.
Reference : https://nvd.nist.gov/vuln/detail/CVE-2017-8057
Advisory : [20170408] https://developer.joomla.org/security-centre.html

Joomla! [20170407] - Core - ACL Violations
CVE : CVE-2017-7989
Type : ACL Violation
Description : Inadequate mime type checks allowed low-privilege users to upload swf files even if they were explicitly forbidden.
Reference : https://nvd.nist.gov/vuln/detail/CVE-2017-7989
Advisory : [20170407] https://developer.joomla.org/security-centre.html

Joomla! [20170406] - Core - ACL Violations
CVE : CVE-2017-7988
Type : ACL Violation
Description : Inadequate filtering of form contents lead allow to overwrite the author of an article.
Reference : https://nvd.nist.gov/vuln/detail/CVE-2017-7988
Advisory : [20170406] https://developer.joomla.org/security-centre.html

Joomla! [20170405] - Core - XSS Vulnerability
CVE : CVE-2017-7987
Type : Security Fix
Description : Inadequate escaping of file and folder names leads to XSS vulnerabilities in the template manager component.
Reference : https://nvd.nist.gov/vuln/detail/CVE-2017-7987
Advisory : [20170405] https://developer.joomla.org/security-centre.html

Joomla! [20170404] - Core - XSS Vulnerability
CVE : CVE-2017-7986
Type : XSS
Description : Inadequate filtering of specific HTML attributes leads to XSS vulnerabilities in various components.
Reference : https://nvd.nist.gov/vuln/detail/CVE-2017-7986
Advisory : [20170404] https://developer.joomla.org/security-centre.html

Joomla! [20170402] - Core - XSS Vulnerability
CVE : CVE-2017-7984
Type : XSS
Description : Inadequate filtering leads to XSS in the template manager component.
Reference : https://nvd.nist.gov/vuln/detail/CVE-2017-7984
Advisory : [20170402] https://developer.joomla.org/security-centre.html

Joomla! [20170401] - Core - Information Disclosure
CVE : CVE-2017-7983
Type : Information Disclosure
Description : Mail sent using the JMail API leaked the used PHPMailer version in the mail headers.
Reference : https://nvd.nist.gov/vuln/detail/CVE-2017-7983
Advisory : [20170401] https://developer.joomla.org/security-centre.html


[34m[34m
[+] Checking for LFD vulnerability in modules
[31m[++] No common component LFD vulnerabilities found
[34m[34m
[+] Checking Debug Mode status
[31m[++] Debug mode is not enabled
[34m[34m
[+] Checking directory listing and target response behaviour
[31m[++] Directory listing is not enabled
[34m[34m
[+] Checking apache info/status files
[31m[++] Readable info/status files are not found
[34m[34m
[+] admin finder
[31m[++] Admin page not found
[34m[34m
[+] Checking robots.txt existing
[31m[++] robots.txt is not found
[34m[34m
[+] Finding common backup files name
[31m[++] Backup files are not found
[34m[34m
[+] Finding sensitive files and source-control metadata
[31m[++] Sensitive files are not found
[34m[34m
[+] Finding common log files name
[31m[++] error log is not found
[34m[34m
[+] Checking user registration
[31m[++] user registration is disabled or inaccessible
[34m[34m
[+] Checking sensitive config.php.x file
[31m[++] Readable config files are not found
[34m[34m
[+] Running deterministic validation layer
[33m[++] Deterministic validation layer: 4 structured finding(s) recorded - see findings.json in the report directory
[34m[33m

Your Report : reports/127.0.0.1_8931/
[0m